../Core/Src/main.c:107:6:HAL_TIM_PeriodElapsedCallback	16	static
../Core/Src/main.c:122:6:set_forward_dir	8	static
../Core/Src/main.c:129:6:set_backward_dir	8	static
../Core/Src/main.c:136:6:set_left_dir	8	static
../Core/Src/main.c:143:6:set_right_dir	8	static
../Core/Src/main.c:150:6:set_ccw_dir	8	static
../Core/Src/main.c:157:6:set_cw_dir	8	static
../Core/Src/main.c:164:6:enable	8	static
../Core/Src/main.c:168:6:disable	8	static
../Core/Src/main.c:180:5:main	8	static
../Core/Src/main.c:247:6:SystemClock_Config	88	static
../Core/Src/main.c:294:13:MX_TIM2_Init	64	static
../Core/Src/main.c:353:13:MX_TIM3_Init	64	static
../Core/Src/main.c:412:13:MX_TIM10_Init	8	static
../Core/Src/main.c:443:13:MX_TIM11_Init	8	static
../Core/Src/main.c:474:13:MX_USART2_UART_Init	8	static
../Core/Src/main.c:507:13:MX_USART6_UART_Init	8	static
../Core/Src/main.c:540:13:MX_GPIO_Init	48	static
../Core/Src/main.c:599:1:__io_putchar	16	static
../Core/Src/main.c:607:6:HAL_UART_RxCpltCallback	24	static
../Core/Src/main.c:705:6:Error_Handler	4	static,ignoring_inline_asm
