../Core/Src/main.c:111:6:HAL_GPIO_EXTI_Callback	16	static
../Core/Src/main.c:117:6:step	16	static
../Core/Src/main.c:125:6:set_forward_dir	8	static
../Core/Src/main.c:132:6:set_backward_dir	8	static
../Core/Src/main.c:139:6:set_left_dir	8	static
../Core/Src/main.c:146:6:set_right_dir	8	static
../Core/Src/main.c:153:6:set_ccw_dir	8	static
../Core/Src/main.c:160:6:set_cw_dir	8	static
../Core/Src/main.c:170:6:enable	8	static
../Core/Src/main.c:174:6:disable	8	static
../Core/Src/main.c:179:6:HAL_TIM_PeriodElapsedCallback	24	static
../Core/Src/main.c:277:5:main	8	static
../Core/Src/main.c:347:6:SystemClock_Config	88	static
../Core/Src/main.c:394:13:MX_TIM2_Init	64	static
../Core/Src/main.c:453:13:MX_TIM3_Init	64	static
../Core/Src/main.c:512:13:MX_TIM4_Init	64	static
../Core/Src/main.c:571:13:MX_TIM5_Init	32	static
../Core/Src/main.c:616:13:MX_TIM10_Init	8	static
../Core/Src/main.c:647:13:MX_TIM11_Init	8	static
../Core/Src/main.c:678:13:MX_USART2_UART_Init	8	static
../Core/Src/main.c:711:13:MX_USART6_UART_Init	8	static
../Core/Src/main.c:744:13:MX_GPIO_Init	48	static
../Core/Src/main.c:807:1:__io_putchar	16	static
../Core/Src/main.c:815:6:HAL_UART_RxCpltCallback	24	static
../Core/Src/main.c:925:6:Error_Handler	4	static,ignoring_inline_asm
