../Core/Src/main.c:83:6:HAL_TIM_PeriodElapsedCallback	16	static
../Core/Src/main.c:91:6:set_forward_dir	8	static
../Core/Src/main.c:98:6:set_backward_dir	8	static
../Core/Src/main.c:105:6:set_left_dir	8	static
../Core/Src/main.c:112:6:set_right_dir	8	static
../Core/Src/main.c:119:6:set_ccw_dir	8	static
../Core/Src/main.c:126:6:set_cw_dir	8	static
../Core/Src/main.c:133:6:enable	8	static
../Core/Src/main.c:137:6:disable	8	static
../Core/Src/main.c:148:5:main	8	static
../Core/Src/main.c:208:6:SystemClock_Config	88	static
../Core/Src/main.c:255:13:MX_TIM11_Init	8	static
../Core/Src/main.c:286:13:MX_USART2_UART_Init	8	static
../Core/Src/main.c:319:13:MX_USART6_UART_Init	8	static
../Core/Src/main.c:352:13:MX_GPIO_Init	48	static
../Core/Src/main.c:401:1:__io_putchar	16	static
../Core/Src/main.c:409:6:HAL_UART_RxCpltCallback	16	static
../Core/Src/main.c:450:6:Error_Handler	4	static,ignoring_inline_asm
