../Core/Src/main.c:98:6:HAL_TIM_PeriodElapsedCallback	16	static
../Core/Src/main.c:113:6:set_forward_dir	8	static
../Core/Src/main.c:120:6:set_backward_dir	8	static
../Core/Src/main.c:127:6:set_left_dir	8	static
../Core/Src/main.c:134:6:set_right_dir	8	static
../Core/Src/main.c:141:6:set_ccw_dir	8	static
../Core/Src/main.c:148:6:set_cw_dir	8	static
../Core/Src/main.c:155:6:enable	8	static
../Core/Src/main.c:159:6:disable	8	static
../Core/Src/main.c:171:5:main	8	static
../Core/Src/main.c:238:6:SystemClock_Config	88	static
../Core/Src/main.c:285:13:MX_TIM2_Init	64	static
../Core/Src/main.c:344:13:MX_TIM3_Init	64	static
../Core/Src/main.c:403:13:MX_TIM10_Init	8	static
../Core/Src/main.c:434:13:MX_TIM11_Init	8	static
../Core/Src/main.c:465:13:MX_USART2_UART_Init	8	static
../Core/Src/main.c:498:13:MX_USART6_UART_Init	8	static
../Core/Src/main.c:531:13:MX_GPIO_Init	48	static
../Core/Src/main.c:580:1:__io_putchar	16	static
../Core/Src/main.c:588:6:HAL_UART_RxCpltCallback	24	static
../Core/Src/main.c:658:6:Error_Handler	4	static,ignoring_inline_asm
