../Core/Src/main.c:85:6:HAL_TIM_PeriodElapsedCallback	16	static
../Core/Src/main.c:93:6:set_forward_dir	8	static
../Core/Src/main.c:100:6:set_backward_dir	8	static
../Core/Src/main.c:107:6:set_left_dir	8	static
../Core/Src/main.c:114:6:set_right_dir	8	static
../Core/Src/main.c:121:6:set_ccw_dir	8	static
../Core/Src/main.c:128:6:set_cw_dir	8	static
../Core/Src/main.c:135:6:enable	8	static
../Core/Src/main.c:139:6:disable	8	static
../Core/Src/main.c:150:5:main	8	static
../Core/Src/main.c:212:6:SystemClock_Config	88	static
../Core/Src/main.c:259:13:MX_TIM2_Init	64	static
../Core/Src/main.c:318:13:MX_TIM11_Init	8	static
../Core/Src/main.c:349:13:MX_USART2_UART_Init	8	static
../Core/Src/main.c:382:13:MX_USART6_UART_Init	8	static
../Core/Src/main.c:415:13:MX_GPIO_Init	48	static
../Core/Src/main.c:464:1:__io_putchar	16	static
../Core/Src/main.c:472:6:HAL_UART_RxCpltCallback	16	static
../Core/Src/main.c:513:6:Error_Handler	4	static,ignoring_inline_asm
